// Jest Snapshot v1, https://goo.gl/fbAQLP

exports[`Sidebar renders without error 1`] = `
<div>
  <ul
    class="links"
  >
    <li
      class="title"
    >
      <h3>
        sidebar.title
      </h3>
    </li>
  </ul>
</div>
`;
